This is the golden copy of the binary "testbinary"